// Jest Snapshot v1, https://goo.gl/fbAQLP

exports[`Store performs a search 1`] = `
<div>
  {"pendingSearch":{"Keyword":"this is my keyword","FacetSelections":{}},"doHistory":true,"isLoading":false,"searchResults":{"Success":true,"Results":[{"DocId":"123","Document":{"a":["b"]},"Score":1}],"Facets":[{"FacetId":123,"Name":"123","Field":"123","FieldType":"search","FacetType":"checkbox","DisplayType":"default","MaxCount":10,"MinHitCount":1,"SortBy":"name","ExpandSelection":false,"IsNumeric":false,"IsCurrency":false,"IsCollapsible":true,"IsCollapsedDefault":false,"IsVisible":true,"IsSearch":false,"ScrollHeight":100,"ScrollThreshold":200,"TruncateThreshold":200,"SearchThreshold":200,"AlwaysVisible":true,"SortOrder":1,"NofVisible":10,"FacetRangeDisplayType":100,"PreloadChildren":true,"ShowSliderInputs":false,"Ranges":[],"Values":[]}],"Pagination":{"CurrentPage":0,"Items":[],"MaxPerPage":24,"NoOfPages":1,"NoOfResults":1},"DidYouMean":["test"],"Keyword":"this is my keyword","SearchDuration":100,"Selections":[]},"items":[{"DocId":"123","Document":{"a":["b"]},"Score":1}],"facets":[{"FacetId":123,"Name":"123","Field":"123","FieldType":"search","FacetType":"checkbox","DisplayType":"default","MaxCount":10,"MinHitCount":1,"SortBy":"name","ExpandSelection":false,"IsNumeric":false,"IsCurrency":false,"IsCollapsible":true,"IsCollapsedDefault":false,"IsVisible":true,"IsSearch":false,"ScrollHeight":100,"ScrollThreshold":200,"TruncateThreshold":200,"SearchThreshold":200,"AlwaysVisible":true,"SortOrder":1,"NofVisible":10,"FacetRangeDisplayType":100,"PreloadChildren":true,"ShowSliderInputs":false,"Ranges":[],"Values":[]}]}
</div>
`;
